// Jest Snapshot v1, https://goo.gl/fbAQLP

exports[`should render CourseList 1`] = `
<DocumentFragment>
  <div
    class="courseListContainer"
    id="CourseList"
  >
    <ul
      class="CourseList"
    >
      <li
        class="undefined"
      >
        <a
          href="/courses/646e33a759eab5cd39bbb8a9"
        >
          <div>
            <div>
              subject1:#76351 - c1 
            </div>
            <div>
              0 Students
            </div>
          </div>
        </a>
      </li>
      <li
        class="undefined"
      >
        <a
          href="/courses/646e33a759eab5cd39bbb8aa"
        >
          <div>
            <div>
              subject2:#24034 - c2 
            </div>
            <div>
              0 Students
            </div>
          </div>
        </a>
      </li>
      <li
        class="undefined"
      >
        <a
          href="/courses/646e33a759eab5cd39bbb8ab"
        >
          <div>
            <div>
              subject3:#94630 - c3 
            </div>
            <div>
              0 Students
            </div>
          </div>
        </a>
      </li>
    </ul>
  </div>
  <div
    class=" FAB"
    data-testid="fab"
    id="join-fab"
    style="bottom: 1rem; right: 1rem;"
  >
    <svg
      aria-hidden="true"
      class="svg-inline--fa fa-plus "
      data-icon="plus"
      data-prefix="fas"
      focusable="false"
      role="img"
      viewBox="0 0 448 512"
      xmlns="http://www.w3.org/2000/svg"
    >
      <path
        d="M256 80c0-17.7-14.3-32-32-32s-32 14.3-32 32V224H48c-17.7 0-32 14.3-32 32s14.3 32 32 32H192V432c0 17.7 14.3 32 32 32s32-14.3 32-32V288H400c17.7 0 32-14.3 32-32s-14.3-32-32-32H256V80z"
        fill="currentColor"
      />
    </svg>
  </div>
</DocumentFragment>
`;
